temp_index_docker.js(600,61843): error TS1127: Invalid character.
temp_index_docker.js(600,61845): error TS1127: Invalid character.
temp_index_docker2.js(600,61843): error TS1127: Invalid character.
temp_index_docker2.js(600,61845): error TS1127: Invalid character.
temp_index_docker3.js(600,61843): error TS1127: Invalid character.
temp_index_docker3.js(600,61845): error TS1127: Invalid character.
temp_index_docker4.js(600,61843): error TS1127: Invalid character.
temp_index_docker4.js(600,61845): error TS1127: Invalid character.
temp_index_docker5.js(600,61843): error TS1127: Invalid character.
temp_index_docker5.js(600,61845): error TS1127: Invalid character.
