src/routes/admin.routes.ts(1820,69): error TS2304: Cannot find name 'AtualzDev'.
